
> balbodhschool@1.0.0 build
> vite build

[2m10:26:46 PM[22m [33m[1m[vite][22m[39m [33mwarning: `esbuild` option was specified by "vite:react-babel" plugin. This option is deprecated, please use `oxc` instead.[39m
`optimizeDeps.rollupOptions` / `ssr.optimizeDeps.rollupOptions` is deprecated. Use `optimizeDeps.rolldownOptions` instead. Note that this option may be set by a plugin. Set VITE_DEPRECATION_TRACE=1 to see where it is called.
[vite:react-babel] We recommend switching to `@vitejs/plugin-react-oxc` for improved performance. More information at https://vite.dev/rolldown
[36mvite v8.0.14 [32mbuilding client environment for production...[36m[39m
[2Ktransforming...✓ 517 modules transformed.
rendering chunks...
computing gzip size...
dist/index.html                     1.13 kB │ gzip:   0.60 kB
dist/assets/index-BF_yCLuT.css    100.56 kB │ gzip:  15.42 kB
dist/assets/index-Dq-xJ77s.js   1,100.36 kB │ gzip: 275.78 kB

[32m✓ built in 1.08s[39m
[33m[plugin builtin:vite-reporter] 
(!) Some chunks are larger than 500 kB after minification. Consider:
- Using dynamic import() to code-split the application
- Use build.rolldownOptions.output.codeSplitting to improve chunking: https://rolldown.rs/reference/OutputOptions.codeSplitting
- Adjust chunk size limit for this warning via build.chunkSizeWarningLimit.[39m
